
> frontend@0.0.0 build
> npm run typecheck && vite build


> frontend@0.0.0 typecheck
> tsc --noEmit

[36mvite v8.2.2 [32mbuilding client environment for production...[36m[39m
transforming...
Error: Cannot apply unknown utility class `border-border`. Are you using CSS modules or similar and missing `@reference`? https://tailwindcss.com/docs/functions-and-directives#reference-directive
    at onInvalidCandidate (C:\Projects\GymOS\frontend\node_modules\tailwindcss\dist\lib.js:21:1682)
    at Oe (C:\Projects\GymOS\frontend\node_modules\tailwindcss\dist\lib.js:16:39796)
    at C:\Projects\GymOS\frontend\node_modules\tailwindcss\dist\lib.js:21:711
    at ai (C:\Projects\GymOS\frontend\node_modules\tailwindcss\dist\lib.js:5:1775)
    at O (C:\Projects\GymOS\frontend\node_modules\tailwindcss\dist\lib.js:5:1377)
    at Pe (C:\Projects\GymOS\frontend\node_modules\tailwindcss\dist\lib.js:21:172)
    at On (C:\Projects\GymOS\frontend\node_modules\tailwindcss\dist\lib.js:38:294)
    at async _n (C:\Projects\GymOS\frontend\node_modules\tailwindcss\dist\lib.js:38:631)
    at async an (C:\Projects\GymOS\frontend\node_modules\@tailwindcss\node\dist\index.js:10:3415)
    at async E (C:\Projects\GymOS\frontend\node_modules\@tailwindcss\postcss\dist\index.js:10:3996)
✓ 71 modules transformed.
[31m✗[39m Build failed in 1.20s
[31merror during build:
[31mBuild failed with 1 error:

[plugin vite:css] C:/Projects/GymOS/frontend/src/index.css:1:0
CssSyntaxError: [postcss] tailwindcss: C:/Projects/GymOS/frontend/src/index.css:1:1: Cannot apply unknown utility class `border-border`. Are you using CSS modules or similar and missing `@reference`? https://tailwindcss.com/docs/functions-and-directives#reference-directive
    at Input.error (C:\Projects\GymOS\frontend\node_modules\postcss\lib\input.js:135:16)
    at Root.error (C:\Projects\GymOS\frontend\node_modules\postcss\lib\node.js:166:32)
    at Object.Once (C:\Projects\GymOS\frontend\node_modules\@tailwindcss\postcss\dist\index.js:10:7013)
    at async LazyResult.runAsync (C:\Projects\GymOS\frontend\node_modules\postcss\lib\lazy-result.js:299:11)
    at async runPostCSS (file:///C:/Projects/GymOS/frontend/node_modules/vite/dist/node/chunks/node.js:23223:19)
    at async compilePostCSS (file:///C:/Projects/GymOS/frontend/node_modules/vite/dist/node/chunks/node.js:23207:6)
    at async compileCSS (file:///C:/Projects/GymOS/frontend/node_modules/vite/dist/node/chunks/node.js:23137:26)
    at async TransformPluginContextImpl.handler (file:///C:/Projects/GymOS/frontend/node_modules/vite/dist/node/chunks/node.js:22612:47)
    at async plugin (file:///C:/Projects/GymOS/frontend/node_modules/rolldown/dist/shared/bindingify-input-options-DrImMHKQ.mjs:1539:16)
    at async plugin.<computed> (file:///C:/Projects/GymOS/frontend/node_modules/rolldown/dist/shared/bindingify-input-options-DrImMHKQ.mjs:2127:12)[31m
    at aggregateBindingErrorsIntoJsError (file:///C:/Projects/GymOS/frontend/node_modules/rolldown/dist/shared/error-BP8lJHle.mjs:48:18)
    at unwrapBindingResult (file:///C:/Projects/GymOS/frontend/node_modules/rolldown/dist/shared/error-BP8lJHle.mjs:18:128)
    at #build (file:///C:/Projects/GymOS/frontend/node_modules/rolldown/dist/shared/rolldown-DfXO5K1m.mjs:133:34)
    at async buildEnvironment (file:///C:/Projects/GymOS/frontend/node_modules/vite/dist/node/chunks/node.js:33821:66)
    at async Object.build (file:///C:/Projects/GymOS/frontend/node_modules/vite/dist/node/chunks/node.js:34242:19)
    at async Object.buildApp (file:///C:/Projects/GymOS/frontend/node_modules/vite/dist/node/chunks/node.js:34239:153)
    at async CAC.<anonymous> (file:///C:/Projects/GymOS/frontend/node_modules/vite/dist/node/cli.js:776:3) {
  errors: [Getter/Setter]
}[39m
