
> frontend@0.0.0 build
> npm run typecheck && vite build


> frontend@0.0.0 typecheck
> tsc --noEmit

[33m(!) Your Vite config uses features that are unsupported by `configLoader: 'native'`, which is planned to become the default in a future major version of Vite:
  - `__dirname` (vite.config.ts:10:25). Use `import.meta.dirname` instead
Set `VITE_CONFIG_NATIVE_IGNORE_WARNING=true` to suppress this warning.[39m
[36mvite v8.2.2 [32mbuilding client environment for production...[36m[39m
transforming...
✓ 71 modules transformed.
[31m✗[39m Build failed in 1.04s
[31merror during build:
[31mBuild failed with 1 error:

[plugin vite:css] C:/Projects/GymOS/frontend/src/index.css:undefined:NaN
Error: [postcss] It looks like you're trying to use `tailwindcss` directly as a PostCSS plugin. The PostCSS plugin has moved to a separate package, so to continue using Tailwind CSS with PostCSS you'll need to install `@tailwindcss/postcss` and update your PostCSS configuration.
    at mt (C:\Projects\GymOS\frontend\node_modules\tailwindcss\dist\lib.js:38:1643)
    at LazyResult.runOnRoot (C:\Projects\GymOS\frontend\node_modules\postcss\lib\lazy-result.js:367:16)
    at LazyResult.runAsync (C:\Projects\GymOS\frontend\node_modules\postcss\lib\lazy-result.js:296:26)
    at LazyResult.async (C:\Projects\GymOS\frontend\node_modules\postcss\lib\lazy-result.js:198:30)
    at LazyResult.then (C:\Projects\GymOS\frontend\node_modules\postcss\lib\lazy-result.js:455:17)[31m
    at aggregateBindingErrorsIntoJsError (file:///C:/Projects/GymOS/frontend/node_modules/rolldown/dist/shared/error-BP8lJHle.mjs:48:18)
    at unwrapBindingResult (file:///C:/Projects/GymOS/frontend/node_modules/rolldown/dist/shared/error-BP8lJHle.mjs:18:128)
    at #build (file:///C:/Projects/GymOS/frontend/node_modules/rolldown/dist/shared/rolldown-DfXO5K1m.mjs:133:34)
    at async buildEnvironment (file:///C:/Projects/GymOS/frontend/node_modules/vite/dist/node/chunks/node.js:33821:66)
    at async Object.build (file:///C:/Projects/GymOS/frontend/node_modules/vite/dist/node/chunks/node.js:34242:19)
    at async Object.buildApp (file:///C:/Projects/GymOS/frontend/node_modules/vite/dist/node/chunks/node.js:34239:153)
    at async CAC.<anonymous> (file:///C:/Projects/GymOS/frontend/node_modules/vite/dist/node/cli.js:776:3) {
  errors: [Getter/Setter]
}[39m
